[test.sh] Assertion failed: first, expected success but got failure in: 'false'
[test.sh] Error in expect_true(test.sh:): 'false' exited with status 1
[test.sh]  at assert(test.sh:)
[test.sh]  at assert_true(test.sh:)
[test.sh]  at result_of(test.sh:)
[test.sh]  at main(do_test_assert_71.sh:)
[test.sh] Assertion failed: second, expected success but got failure in: 'false'
[test.sh] Error in expect_true(test.sh:): 'false' exited with status 1
[test.sh]  at assert(test.sh:)
[test.sh]  at assert_true(test.sh:)
[test.sh]  at result_of(test.sh:)
[test.sh]  at main(do_test_assert_71.sh:)
[test.sh] Assertion failed: test_01, expected success but got failure in: 'false'
[test.sh] Error in expect_true(test.sh:): 'false' exited with status 1
[test.sh]  at assert(test.sh:)
[test.sh]  at assert_true(test.sh:)
[test.sh]  at test_01(do_test_assert_71.sh:)
[test.sh]  at with_exit_handler(test.sh:)
[test.sh]  at run_test(test.sh:)
[test.sh]  at result_of(test.sh:)
[test.sh]  at run_tests(test.sh:)
[test.sh]  at main(do_test_assert_71.sh:)
[test.sh] FAILED: test_01
[test.sh] Assertion failed: teardown_test, expected success but got failure in: 'false'
[test.sh] Error in expect_true(test.sh:): 'false' exited with status 1
[test.sh]  at assert(test.sh:)
[test.sh]  at assert_true(test.sh:)
[test.sh]  at teardown_test(do_test_assert_71.sh:)
[test.sh]  at call_if_exists(test.sh:)
[test.sh]  at call_teardown(test.sh:)
[test.sh]  at result_of(test.sh:)
[test.sh]  at run_tests(test.sh:)
[test.sh]  at main(do_test_assert_71.sh:)
[test.sh] Assertion failed: teardown_test_suite, expected success but got failure in: 'false'
[test.sh] Error in expect_true(test.sh:): 'false' exited with status 1
[test.sh]  at assert(test.sh:)
[test.sh]  at assert_true(test.sh:)
[test.sh]  at teardown_test_suite(do_test_assert_71.sh:)
[test.sh]  at call_if_exists(test.sh:)
[test.sh]  at call_teardown(test.sh:)
[test.sh]  at result_of(test.sh:)
[test.sh]  at run_tests(test.sh:)
[test.sh]  at main(do_test_assert_71.sh:)
[test.sh] Error in run_tests(test.sh:): '[[ $failures == 0 ]]' exited with status 1
[test.sh]  at main(do_test_assert_71.sh:)
