[0;31m[ERROR] setup_test_suite failed, see do_test_error_reporting.sh.out for more information[0m
