[0;31m* test_01[0m
[0;34m* [skipped] test_02[0m
